

================================================================================
COMMAND: C:\Users\igorc\AppData\Local\Microsoft\WindowsApps\PythonSoftwareFoundation.Python.3.13_qbz5n2kfra8p0\python.exe components\tokamark_one_shot_array_probe.py --shot-id 11876 --out-dir outputs\reports
================================================================================
Fetching metadata: https://s3.echo.stfc.ac.uk/mast/tokamark/v1/11876.zarr/.zmetadata
Reading summary_power_nbi: summary/power_nbi
Reading summary_ip: summary/ip
Reading interferometer_n_e_line: interferometer/n_e_line
Reading dalpha_voltage: spectrometer_visible/filter_spectrometer_dalpha_voltage
Reading soft_x_lower: soft_x_rays/horizontal_cam_lower
Reading soft_x_upper: soft_x_rays/horizontal_cam_upper
Reading thomson_t_e: thomson_scattering/t_e
  FAILED: thomson_t_e: KeyError('Missing array metadata: thomson_scattering/t_e/.zarray')
Reading thomson_n_e: thomson_scattering/n_e
  FAILED: thomson_n_e: KeyError('Missing array metadata: thomson_scattering/n_e/.zarray')
Reading equilibrium_q95: equilibrium/q95
Reading equilibrium_elongation: equilibrium/elongation
Reading equilibrium_triangularity_upper: equilibrium/triangularity_upper
Reading equilibrium_triangularity_lower: equilibrium/triangularity_lower
Reading equilibrium_minor_radius: equilibrium/minor_radius
Reading equilibrium_beta_normal: equilibrium/beta_normal
Reading equilibrium_beta_pol: equilibrium/beta_pol
Reading equilibrium_whmd: equilibrium/whmd
C:\Users\igorc\OneDrive\Desktop\UNNS_SUBSTRATE(desktop)\TRANSFER\Bulk_2\REGIME_SYNTHESIS\UNNS-H Mode Project\unns_hmode_project\components\tokamark_one_shot_array_probe.py:388: RuntimeWarning: All-NaN slice encountered
  return np.nanmedian(arr, axis=0)
C:\Users\igorc\OneDrive\Desktop\UNNS_SUBSTRATE(desktop)\TRANSFER\Bulk_2\REGIME_SYNTHESIS\UNNS-H Mode Project\unns_hmode_project\components\tokamark_one_shot_array_probe.py:388: RuntimeWarning: All-NaN slice encountered
  return np.nanmedian(arr, axis=0)
One-shot array probe complete.
CSV:     outputs\reports\tokamark_shot_11876_signal_probe.csv
JSON:    outputs\reports\tokamark_shot_11876_signal_probe.json
Report:  outputs\reports\tokamark_shot_11876_signal_probe.md
Preview: outputs\reports\tokamark_shot_11876_proxy_timeseries_preview.csv
Loaded arrays: 14
Failed arrays: 2

RETURN_CODE: 0


================================================================================
COMMAND: C:\Users\igorc\AppData\Local\Microsoft\WindowsApps\PythonSoftwareFoundation.Python.3.13_qbz5n2kfra8p0\python.exe components\tokamark_m_edge_t_probe.py --shot-id 11876 --out-dir outputs\reports
================================================================================
Fetching metadata: https://s3.echo.stfc.ac.uk/mast/tokamark/v1/11876.zarr/.zmetadata
Reading summary_power_nbi: summary/power_nbi
Reading summary_ip: summary/ip
Reading interferometer_n_e_line: interferometer/n_e_line
Reading dalpha_voltage: spectrometer_visible/filter_spectrometer_dalpha_voltage
Reading soft_x_lower: soft_x_rays/horizontal_cam_lower
Reading soft_x_upper: soft_x_rays/horizontal_cam_upper
Reading thomson_t_e: thomson_scattering/t_e
  FAILED: thomson_t_e: KeyError('Missing array metadata: thomson_scattering/t_e/.zarray')
Reading thomson_n_e: thomson_scattering/n_e
  FAILED: thomson_n_e: KeyError('Missing array metadata: thomson_scattering/n_e/.zarray')
Reading equilibrium_q95: equilibrium/q95
Reading equilibrium_elongation: equilibrium/elongation
Reading equilibrium_triangularity_upper: equilibrium/triangularity_upper
Reading equilibrium_triangularity_lower: equilibrium/triangularity_lower
Reading equilibrium_minor_radius: equilibrium/minor_radius
Reading equilibrium_beta_normal: equilibrium/beta_normal
Reading equilibrium_beta_pol: equilibrium/beta_pol
Reading equilibrium_whmd: equilibrium/whmd
C:\Users\igorc\OneDrive\Desktop\UNNS_SUBSTRATE(desktop)\TRANSFER\Bulk_2\REGIME_SYNTHESIS\UNNS-H Mode Project\unns_hmode_project\components\tokamark_m_edge_t_probe.py:344: RuntimeWarning: All-NaN slice encountered
  return np.nanmedian(arr, axis=0)
Computing normalized m_edge(t)...
m_edge(t) probe complete.
CSV:    outputs\reports\tokamark_shot_11876_m_edge_t_probe.csv
JSON:   outputs\reports\tokamark_shot_11876_m_edge_t_probe.json
Report: outputs\reports\tokamark_shot_11876_m_edge_t_probe.md
State counts:
  boundary_ambiguous_margin: 271
  positive_boundary_margin: 116
  negative_leakage_margin: 89
  insufficient_data: 61

RETURN_CODE: 0


================================================================================
COMMAND: C:\Users\igorc\AppData\Local\Microsoft\WindowsApps\PythonSoftwareFoundation.Python.3.13_qbz5n2kfra8p0\python.exe components\tokamark_m_edge_trace_inspector.py --input outputs\reports\tokamark_shot_11876_m_edge_t_probe.csv --shot-id 11876 --out-dir outputs\reports
================================================================================
Trace inspection complete.
Windows CSV: outputs\reports\tokamark_shot_11876_m_edge_trace_inspection_windows.csv
Summary:     outputs\reports\tokamark_shot_11876_m_edge_trace_inspection_summary.json
Report:      outputs\reports\tokamark_shot_11876_m_edge_trace_inspection.md
Interpretability counts:
  interpretable_negative_candidate: 7
  interpretable_positive_candidate: 5
  weak_positive_candidate: 3

RETURN_CODE: 0


================================================================================
COMMAND: C:\Users\igorc\AppData\Local\Microsoft\WindowsApps\PythonSoftwareFoundation.Python.3.13_qbz5n2kfra8p0\python.exe components\tokamark_one_shot_array_probe.py --shot-id 11768 --out-dir outputs\reports
================================================================================
Fetching metadata: https://s3.echo.stfc.ac.uk/mast/tokamark/v1/11768.zarr/.zmetadata
Reading summary_power_nbi: summary/power_nbi
  FAILED: summary_power_nbi: KeyError('Missing array metadata: summary/power_nbi/.zarray')
Reading summary_ip: summary/ip
Reading interferometer_n_e_line: interferometer/n_e_line
Reading dalpha_voltage: spectrometer_visible/filter_spectrometer_dalpha_voltage
Reading soft_x_lower: soft_x_rays/horizontal_cam_lower
Reading soft_x_upper: soft_x_rays/horizontal_cam_upper
Reading thomson_t_e: thomson_scattering/t_e
  FAILED: thomson_t_e: KeyError('Missing array metadata: thomson_scattering/t_e/.zarray')
Reading thomson_n_e: thomson_scattering/n_e
  FAILED: thomson_n_e: KeyError('Missing array metadata: thomson_scattering/n_e/.zarray')
Reading equilibrium_q95: equilibrium/q95
Reading equilibrium_elongation: equilibrium/elongation
Reading equilibrium_triangularity_upper: equilibrium/triangularity_upper
Reading equilibrium_triangularity_lower: equilibrium/triangularity_lower
Reading equilibrium_minor_radius: equilibrium/minor_radius
Reading equilibrium_beta_normal: equilibrium/beta_normal
Reading equilibrium_beta_pol: equilibrium/beta_pol
Reading equilibrium_whmd: equilibrium/whmd
C:\Users\igorc\OneDrive\Desktop\UNNS_SUBSTRATE(desktop)\TRANSFER\Bulk_2\REGIME_SYNTHESIS\UNNS-H Mode Project\unns_hmode_project\components\tokamark_one_shot_array_probe.py:388: RuntimeWarning: All-NaN slice encountered
  return np.nanmedian(arr, axis=0)
C:\Users\igorc\OneDrive\Desktop\UNNS_SUBSTRATE(desktop)\TRANSFER\Bulk_2\REGIME_SYNTHESIS\UNNS-H Mode Project\unns_hmode_project\components\tokamark_one_shot_array_probe.py:388: RuntimeWarning: All-NaN slice encountered
  return np.nanmedian(arr, axis=0)
One-shot array probe complete.
CSV:     outputs\reports\tokamark_shot_11768_signal_probe.csv
JSON:    outputs\reports\tokamark_shot_11768_signal_probe.json
Report:  outputs\reports\tokamark_shot_11768_signal_probe.md
Preview: outputs\reports\tokamark_shot_11768_proxy_timeseries_preview.csv
Loaded arrays: 13
Failed arrays: 3

RETURN_CODE: 0


================================================================================
COMMAND: C:\Users\igorc\AppData\Local\Microsoft\WindowsApps\PythonSoftwareFoundation.Python.3.13_qbz5n2kfra8p0\python.exe components\tokamark_m_edge_t_probe.py --shot-id 11768 --out-dir outputs\reports
================================================================================
Fetching metadata: https://s3.echo.stfc.ac.uk/mast/tokamark/v1/11768.zarr/.zmetadata
Reading summary_power_nbi: summary/power_nbi
  FAILED: summary_power_nbi: KeyError('Missing array metadata: summary/power_nbi/.zarray')
Reading summary_ip: summary/ip
Reading interferometer_n_e_line: interferometer/n_e_line
Reading dalpha_voltage: spectrometer_visible/filter_spectrometer_dalpha_voltage
Reading soft_x_lower: soft_x_rays/horizontal_cam_lower
Reading soft_x_upper: soft_x_rays/horizontal_cam_upper
Reading thomson_t_e: thomson_scattering/t_e
  FAILED: thomson_t_e: KeyError('Missing array metadata: thomson_scattering/t_e/.zarray')
Reading thomson_n_e: thomson_scattering/n_e
  FAILED: thomson_n_e: KeyError('Missing array metadata: thomson_scattering/n_e/.zarray')
Reading equilibrium_q95: equilibrium/q95
Reading equilibrium_elongation: equilibrium/elongation
Reading equilibrium_triangularity_upper: equilibrium/triangularity_upper
Reading equilibrium_triangularity_lower: equilibrium/triangularity_lower
Reading equilibrium_minor_radius: equilibrium/minor_radius
Reading equilibrium_beta_normal: equilibrium/beta_normal
Reading equilibrium_beta_pol: equilibrium/beta_pol
Reading equilibrium_whmd: equilibrium/whmd
C:\Users\igorc\OneDrive\Desktop\UNNS_SUBSTRATE(desktop)\TRANSFER\Bulk_2\REGIME_SYNTHESIS\UNNS-H Mode Project\unns_hmode_project\components\tokamark_m_edge_t_probe.py:344: RuntimeWarning: All-NaN slice encountered
  return np.nanmedian(arr, axis=0)
Computing normalized m_edge(t)...
m_edge(t) probe complete.
CSV:    outputs\reports\tokamark_shot_11768_m_edge_t_probe.csv
JSON:   outputs\reports\tokamark_shot_11768_m_edge_t_probe.json
Report: outputs\reports\tokamark_shot_11768_m_edge_t_probe.md
State counts:
  positive_boundary_margin: 222
  negative_leakage_margin: 96
  insufficient_data: 58
  boundary_ambiguous_margin: 40

RETURN_CODE: 0


================================================================================
COMMAND: C:\Users\igorc\AppData\Local\Microsoft\WindowsApps\PythonSoftwareFoundation.Python.3.13_qbz5n2kfra8p0\python.exe components\tokamark_m_edge_trace_inspector.py --input outputs\reports\tokamark_shot_11768_m_edge_t_probe.csv --shot-id 11768 --out-dir outputs\reports
================================================================================
Trace inspection complete.
Windows CSV: outputs\reports\tokamark_shot_11768_m_edge_trace_inspection_windows.csv
Summary:     outputs\reports\tokamark_shot_11768_m_edge_trace_inspection_summary.json
Report:      outputs\reports\tokamark_shot_11768_m_edge_trace_inspection.md
Interpretability counts:
  fragile_negative_candidate: 3
  interpretable_positive_candidate: 2

RETURN_CODE: 0


================================================================================
COMMAND: C:\Users\igorc\AppData\Local\Microsoft\WindowsApps\PythonSoftwareFoundation.Python.3.13_qbz5n2kfra8p0\python.exe components\tokamark_one_shot_array_probe.py --shot-id 11776 --out-dir outputs\reports
================================================================================
Fetching metadata: https://s3.echo.stfc.ac.uk/mast/tokamark/v1/11776.zarr/.zmetadata
Reading summary_power_nbi: summary/power_nbi
  FAILED: summary_power_nbi: KeyError('Missing array metadata: summary/power_nbi/.zarray')
Reading summary_ip: summary/ip
Reading interferometer_n_e_line: interferometer/n_e_line
Reading dalpha_voltage: spectrometer_visible/filter_spectrometer_dalpha_voltage
  FAILED: dalpha_voltage: KeyError('Missing array metadata: spectrometer_visible/filter_spectrometer_dalpha_voltage/.zarray')
Reading soft_x_lower: soft_x_rays/horizontal_cam_lower
Reading soft_x_upper: soft_x_rays/horizontal_cam_upper
Reading thomson_t_e: thomson_scattering/t_e
  FAILED: thomson_t_e: KeyError('Missing array metadata: thomson_scattering/t_e/.zarray')
Reading thomson_n_e: thomson_scattering/n_e
  FAILED: thomson_n_e: KeyError('Missing array metadata: thomson_scattering/n_e/.zarray')
Reading equilibrium_q95: equilibrium/q95
Reading equilibrium_elongation: equilibrium/elongation
Reading equilibrium_triangularity_upper: equilibrium/triangularity_upper
Reading equilibrium_triangularity_lower: equilibrium/triangularity_lower
Reading equilibrium_minor_radius: equilibrium/minor_radius
Reading equilibrium_beta_normal: equilibrium/beta_normal
Reading equilibrium_beta_pol: equilibrium/beta_pol
Reading equilibrium_whmd: equilibrium/whmd
C:\Users\igorc\OneDrive\Desktop\UNNS_SUBSTRATE(desktop)\TRANSFER\Bulk_2\REGIME_SYNTHESIS\UNNS-H Mode Project\unns_hmode_project\components\tokamark_one_shot_array_probe.py:388: RuntimeWarning: All-NaN slice encountered
  return np.nanmedian(arr, axis=0)
C:\Users\igorc\OneDrive\Desktop\UNNS_SUBSTRATE(desktop)\TRANSFER\Bulk_2\REGIME_SYNTHESIS\UNNS-H Mode Project\unns_hmode_project\components\tokamark_one_shot_array_probe.py:388: RuntimeWarning: All-NaN slice encountered
  return np.nanmedian(arr, axis=0)
One-shot array probe complete.
CSV:     outputs\reports\tokamark_shot_11776_signal_probe.csv
JSON:    outputs\reports\tokamark_shot_11776_signal_probe.json
Report:  outputs\reports\tokamark_shot_11776_signal_probe.md
Preview: outputs\reports\tokamark_shot_11776_proxy_timeseries_preview.csv
Loaded arrays: 12
Failed arrays: 4

RETURN_CODE: 0


================================================================================
COMMAND: C:\Users\igorc\AppData\Local\Microsoft\WindowsApps\PythonSoftwareFoundation.Python.3.13_qbz5n2kfra8p0\python.exe components\tokamark_m_edge_t_probe.py --shot-id 11776 --out-dir outputs\reports
================================================================================
Fetching metadata: https://s3.echo.stfc.ac.uk/mast/tokamark/v1/11776.zarr/.zmetadata
Reading summary_power_nbi: summary/power_nbi
  FAILED: summary_power_nbi: KeyError('Missing array metadata: summary/power_nbi/.zarray')
Reading summary_ip: summary/ip
Reading interferometer_n_e_line: interferometer/n_e_line
Reading dalpha_voltage: spectrometer_visible/filter_spectrometer_dalpha_voltage
  FAILED: dalpha_voltage: KeyError('Missing array metadata: spectrometer_visible/filter_spectrometer_dalpha_voltage/.zarray')
Reading soft_x_lower: soft_x_rays/horizontal_cam_lower
Reading soft_x_upper: soft_x_rays/horizontal_cam_upper
Reading thomson_t_e: thomson_scattering/t_e
  FAILED: thomson_t_e: KeyError('Missing array metadata: thomson_scattering/t_e/.zarray')
Reading thomson_n_e: thomson_scattering/n_e
  FAILED: thomson_n_e: KeyError('Missing array metadata: thomson_scattering/n_e/.zarray')
Reading equilibrium_q95: equilibrium/q95
Reading equilibrium_elongation: equilibrium/elongation
Reading equilibrium_triangularity_upper: equilibrium/triangularity_upper
Reading equilibrium_triangularity_lower: equilibrium/triangularity_lower
Reading equilibrium_minor_radius: equilibrium/minor_radius
Reading equilibrium_beta_normal: equilibrium/beta_normal
Reading equilibrium_beta_pol: equilibrium/beta_pol
Reading equilibrium_whmd: equilibrium/whmd
C:\Users\igorc\OneDrive\Desktop\UNNS_SUBSTRATE(desktop)\TRANSFER\Bulk_2\REGIME_SYNTHESIS\UNNS-H Mode Project\unns_hmode_project\components\tokamark_m_edge_t_probe.py:344: RuntimeWarning: All-NaN slice encountered
  return np.nanmedian(arr, axis=0)
Computing normalized m_edge(t)...
m_edge(t) probe complete.
CSV:    outputs\reports\tokamark_shot_11776_m_edge_t_probe.csv
JSON:   outputs\reports\tokamark_shot_11776_m_edge_t_probe.json
Report: outputs\reports\tokamark_shot_11776_m_edge_t_probe.md
State counts:
  positive_boundary_margin: 345
  negative_leakage_margin: 82
  insufficient_data: 59
  boundary_ambiguous_margin: 37

RETURN_CODE: 0


================================================================================
COMMAND: C:\Users\igorc\AppData\Local\Microsoft\WindowsApps\PythonSoftwareFoundation.Python.3.13_qbz5n2kfra8p0\python.exe components\tokamark_m_edge_trace_inspector.py --input outputs\reports\tokamark_shot_11776_m_edge_t_probe.csv --shot-id 11776 --out-dir outputs\reports
================================================================================
Trace inspection complete.
Windows CSV: outputs\reports\tokamark_shot_11776_m_edge_trace_inspection_windows.csv
Summary:     outputs\reports\tokamark_shot_11776_m_edge_trace_inspection_summary.json
Report:      outputs\reports\tokamark_shot_11776_m_edge_trace_inspection.md
Interpretability counts:
  interpretable_positive_candidate: 4
  fragile_negative_candidate: 3

RETURN_CODE: 0
